[2026-03-16T22:33:33.843575-04:00] scope=uncaught thread=AWT-EventQueue-0
ConcurrentModificationException
java.util.ConcurrentModificationException
	at java.base/java.util.ArrayList$Itr.checkForComodification(ArrayList.java:1096)
	at java.base/java.util.ArrayList$Itr.next(ArrayList.java:1050)
	at EconomySystem.updateCarrierRespawnPrograms(EconomySystem.java:380)
	at EconomySystem.update(EconomySystem.java:93)
	at GameSimulationRuntime.tick(GameSimulationRuntime.java:100)
	at GameSimulationRuntime.advanceFrame(GameSimulationRuntime.java:44)
	at GamePanel.actionPerformed(GamePanel.java:68)
	at java.desktop/javax.swing.Timer.fireActionPerformed(Timer.java:289)
	at java.desktop/javax.swing.Timer$DoPostEvent.run(Timer.java:221)
	at java.desktop/java.awt.event.InvocationEvent.dispatch(InvocationEvent.java:323)
	at java.desktop/java.awt.EventQueue.dispatchEventImpl(EventQueue.java:723)
	at java.desktop/java.awt.EventQueue.dispatchEvent(EventQueue.java:702)
	at java.desktop/java.awt.EventDispatchThread.pumpOneEventForFilters(EventDispatchThread.java:203)
	at java.desktop/java.awt.EventDispatchThread.pumpEventsForFilter(EventDispatchThread.java:124)
	at java.desktop/java.awt.EventDispatchThread.pumpEventsForHierarchy(EventDispatchThread.java:113)
	at java.desktop/java.awt.EventDispatchThread.pumpEvents(EventDispatchThread.java:109)
	at java.desktop/java.awt.EventDispatchThread.pumpEvents(EventDispatchThread.java:101)
	at java.desktop/java.awt.EventDispatchThread.run(EventDispatchThread.java:90)

[2026-03-16T22:51:43.8136771-04:00] scope=uncaught thread=AWT-EventQueue-0
ConcurrentModificationException
java.util.ConcurrentModificationException
	at java.base/java.util.ArrayList$Itr.checkForComodification(ArrayList.java:1096)
	at java.base/java.util.ArrayList$Itr.next(ArrayList.java:1050)
	at EconomySystem.updateCarrierRespawnPrograms(EconomySystem.java:380)
	at EconomySystem.update(EconomySystem.java:93)
	at GameSimulationRuntime.tick(GameSimulationRuntime.java:100)
	at GameSimulationRuntime.advanceFrame(GameSimulationRuntime.java:44)
	at GamePanel.actionPerformed(GamePanel.java:68)
	at java.desktop/javax.swing.Timer.fireActionPerformed(Timer.java:289)
	at java.desktop/javax.swing.Timer$DoPostEvent.run(Timer.java:221)
	at java.desktop/java.awt.event.InvocationEvent.dispatch(InvocationEvent.java:323)
	at java.desktop/java.awt.EventQueue.dispatchEventImpl(EventQueue.java:723)
	at java.desktop/java.awt.EventQueue.dispatchEvent(EventQueue.java:702)
	at java.desktop/java.awt.EventDispatchThread.pumpOneEventForFilters(EventDispatchThread.java:203)
	at java.desktop/java.awt.EventDispatchThread.pumpEventsForFilter(EventDispatchThread.java:124)
	at java.desktop/java.awt.EventDispatchThread.pumpEventsForHierarchy(EventDispatchThread.java:113)
	at java.desktop/java.awt.EventDispatchThread.pumpEvents(EventDispatchThread.java:109)
	at java.desktop/java.awt.EventDispatchThread.pumpEvents(EventDispatchThread.java:101)
	at java.desktop/java.awt.EventDispatchThread.run(EventDispatchThread.java:90)

